*** Using Compiler 'V6.22', folder: 'C:\Users\admin\AppData\Local\Keil_v5\ARM\ARMCLANG\Bin'
Rebuild target 'Target_1'
Note: source file '.\MinSensor\IMU.cpp' - object file renamed from '.\Objects\IMU.o' to '.\Objects\imu_1.o'.Note: source file '.\Communication\Communication.cpp' - object file renamed from '.\Objects\Communication.o' to '.\Objects\communication_1.o'.assembling startup_stm32f407xx.s...
compiling system_stm32f4xx.c...
compiling stm32f4xx_hal_cortex.c...
compiling stm32f4xx_hal.c...
compiling system.cpp...
compiling stm32f4xx_hal_gpio.c...
compiling stm32f4xx_hal_dma.c...
compiling Main.cpp...
compiling stm32f4xx_hal_rtc.c...
compiling stm32f4xx_hal_rtc_ex.c...
compiling Time.cpp...
compiling stm32f4xx_hal_dma_ex.c...
compiling stm32f4xx_hal_pcd_ex.c...
compiling croutine.c...
compiling stm32f4xx_hal_flash_ex.c...
compiling stm32f4xx_hal_rcc_ex.c...
compiling stm32f4xx_hal_flash.c...
compiling stm32f4xx_hal_rcc.c...
compiling stm32f4xx_hal_pcd.c...
compiling stm32f4xx_hal_uart.c...
compiling stm32f4xx_ll_usb.c...
compiling stm32f4xx_hal_spi.c...
compiling event_groups.c...
compiling list.c...
compiling port.c...
compiling stream_buffer.c...
compiling queue.c...
compiling heap_4.c...
compiling timers.c...
compiling drv_SPI.cpp...
Device/drv_USB.cpp(20): warning: 'FLASH_SIZE' macro redefined [-Wmacro-redefined]
   20 | #define FLASH_SIZE (8 * 1024 * 1024)
      |         ^
Device\drv_FLASH.hpp(7): note: previous definition is here
    7 | #define FLASH_SIZE 0x100000         //总大小
      |         ^
Device/drv_USB.cpp(294): warning: multi-character character constant [-Wmultichar]
  294 |         memset(&write_buffer[10], 'CNM', 2038);
      |                                   ^
2 warnings generated.
compiling drv_USB.cpp...
compiling ExtFlash.cpp...
compiling tasks.c...
compiling drv_FLASH.cpp...
compiling Uart1.cpp...
compiling Uart2.cpp...
compiling Debug.cpp...
Device/drv_IIC.cpp(252): warning: for loop has empty body [-Wempty-body]
  252 |                 for( volatile int i = 0 ; i < 1000 ; ++i );
      |                                                           ^
Device/drv_IIC.cpp(252): note: put the semicolon on a separate line to silence this warning
1 warning generated.
compiling drv_IIC.cpp...
compiling drv_LED.cpp...
compiling usb_osal_freertos.c...
compiling IMU.cpp...
compiling drv_FatFs.cpp...
compiling usbd_cdc_acm.c...
compiling HeaDingSensor.cpp...
compiling usbd_core.c...
compiling usb_glue_st.c...
compiling diskio.c...
compiling cdc_acm_msc_template.c...
compiling ffunicode.c...
compiling ffsystem.c...
compiling usbd_msc.c...
compiling usb_dc_dwc2.c...
compiling ff.c...
Communication/Communication.cpp(4): warning: In file included from..../Communication/MAVLINK/common\mavlink.h(32): warning: In file included from..../Communication/MAVLINK/common\common.h(30): warning: In file included from..../Communication/MAVLINK/common\../protocol.h(5): warning: In file included from..../Communication/MAVLINK/common\..\mavlink_types.h(46): warning: '#pragma anon_unions' is an Arm Compiler 5 extension, and is not supported by Arm Compiler for Embedded 6 [-Warmcc-pragma-anon-unions]
   46 | #pragma anon_unions
      |         ^
Communication/Communication.cpp(207): error: unknown type name 'BSKLINK_MSG_t'
  207 | void BsklinkMsgFormat(BSKLINK_MSG_t msg, uint8_t* msgTemp)
      |                       ^
Communication/Communication.cpp(228): error: unknown type name 'BSKLINK_MSG_t'
  228 |     BSKLINK_MSG_t msg;
      |     ^
Communication/Communication.cpp(229): error: use of undeclared identifier 'BSKLINK_PAYLOAD_HEARTBEAT_t'; did you mean 'BSKLINK_MSG_ID_HEARTBEAT'?
  229 |     BSKLINK_PAYLOAD_HEARTBEAT_t payload;
      |     ^~~~~~~~~~~~~~~~~~~~~~~~~~~
      |     BSKLINK_MSG_ID_HEARTBEAT
Communication\Communication.hpp(60): note: 'BSKLINK_MSG_ID_HEARTBEAT' declared here
   60 |     BSKLINK_MSG_ID_HEARTBEAT            = 0xFE          //心跳包
      |     ^
Communication/Communication.cpp(229): error: expected ';' after expression
  229 |     BSKLINK_PAYLOAD_HEARTBEAT_t payload;
      |                                ^
      |                                ;
Communication/Communication.cpp(229): error: use of undeclared identifier 'payload'
  229 |     BSKLINK_PAYLOAD_HEARTBEAT_t payload;
      |                                 ^
Communication/Communication.cpp(230): error: use of undeclared identifier 'BSKLINK_MAX_PAYLOAD_LENGTH'
  230 |     uint8_t msgToSend[BSKLINK_MAX_PAYLOAD_LENGTH+10];
      |                       ^
Communication/Communication.cpp(232): error: use of undeclared identifier 'DISABLE'
  232 |     if(*sendFlag == DISABLE)
      |                     ^
Communication/Communication.cpp(235): error: use of undeclared identifier 'DISABLE'
  235 |         *sendFlag = DISABLE;
      |                     ^
Communication/Communication.cpp(238): error: use of undeclared identifier 'payload'
  238 |     payload.type = BOARD_BLUESKY_V3;
      |     ^
Communication/Communication.cpp(238): error: use of undeclared identifier 'BOARD_BLUESKY_V3'
  238 |     payload.type = BOARD_BLUESKY_V3;
      |                    ^
Communication/Communication.cpp(239): error: use of undeclared identifier 'payload'
  239 |     payload.version_high = SOFTWARE_VERSION_HIGH;
      |     ^
Communication/Communication.cpp(239): error: use of undeclared identifier 'SOFTWARE_VERSION_HIGH'
  239 |     payload.version_high = SOFTWARE_VERSION_HIGH;
      |                            ^
Communication/Communication.cpp(240): error: use of undeclared identifier 'payload'
  240 |     payload.version_mid  = SOFTWARE_VERSION_MID;
      |     ^
Communication/Communication.cpp(240): error: use of undeclared identifier 'SOFTWARE_VERSION_MID'
  240 |     payload.version_mid  = SOFTWARE_VERSION_MID;
      |                            ^
Communication/Communication.cpp(241): error: use of undeclared identifier 'payload'
  241 |     payload.version_low  = SOFTWARE_VERSION_LOW;
      |     ^
Communication/Communication.cpp(241): error: use of undeclared identifier 'SOFTWARE_VERSION_LOW'
  241 |     payload.version_low  = SOFTWARE_VERSION_LOW;
      |                            ^
Communication/Communication.cpp(242): error: use of undeclared identifier 'payload'
  242 |     payload.time                 = GetSysTimeMs();
      |     ^
Communication/Communication.cpp(242): error: use of undeclared identifier 'GetSysTimeMs'
  242 |     payload.time                 = GetSysTimeMs();
      |                                    ^
Communication/Communication.cpp(243): error: use of undeclared identifier 'payload'
  243 |     payload.freq                 = MAX_SEND_FREQ;
      |     ^
fatal error: too many errors emitted, stopping now [-ferror-limit=]
1 warning and 20 errors generated.
compiling Communication.cpp...
".\Objects\Flay.axf" - 19 Error(s), 4 Warning(s).
Target not created.
Build Time Elapsed:  00:00:24
